// Jest Snapshot v1, https://goo.gl/fbAQLP

exports[`Timer:Counter should create/match snapshot 1`] = `
<div class="counter">

</div>
`;
